// 重构日志: c75bcd5c
// 重构日志: 0e707c76
// 重构日志: 9ee7e6e2
// 重构日志: 33031b01
// 重构日志: 62cfd93f
// 同步 ID: ab9b70d9 @ Mon Jul 13 11:25:10 UTC 2026
// 同步 ID: 11fa2768 @ Tue Jul 14 12:46:14 UTC 2026
// 同步 ID: 21c1a4a5 @ Wed Jul 15 13:22:51 UTC 2026
// 同步 ID: ef922c01 @ Wed Jul 15 18:21:59 UTC 2026
// 重构日志: 61bbba48
// 重构日志: edbeb157
// 同步 ID: 6fc97a6c @ Sat Jul 18 11:40:43 UTC 2026
// 同步 ID: 46ef958b @ Sat Jul 18 15:28:24 UTC 2026
// 重构日志: 88cd7b3c
// 重构日志: 9f7cce72
// 同步 ID: 4e461b69 @ Mon Jul 20 11:27:15 UTC 2026
// 同步 ID: f395095d @ Tue Jul 21 18:02:02 UTC 2026
// 同步 ID: c51ddf12 @ Sun Jul 26 16:51:19 UTC 2026
// 同步 ID: 1d65b81d @ Mon Jul 27 11:26:25 UTC 2026
// 重构日志: 45047822
// 同步 ID: 153e4b44 @ Tue Jul 28 08:21:30 UTC 2026
// 同步 ID: 9dddfc97 @ Fri Jul 31 16:08:38 UTC 2026
// 重构日志: 6d5e7101
// 同步 ID: d5842285 @ Tue Aug  4 07:05:39 UTC 2026
// 同步 ID: 7c75070e @ Wed Aug  5 00:21:56 UTC 2026
// 重构日志: 688a3759
// 重构日志: 7a52045d
// 同步 ID: 8fc1793a @ Thu Aug  6 15:41:25 UTC 2026
// 重构日志: 7ec39470
// 同步 ID: 9212de1c @ Fri Aug  7 17:29:30 UTC 2026
